// Jest Snapshot v1, https://goo.gl/fbAQLP

exports[`The cart component. renders the cart component correctly. 1`] = `
<div>
  <div
    style={
      Object {
        "borderBottom": "1px solid rgb(82, 82, 82)",
      }
    }
  >
    <h1
      className="sc-AxiKw dgGdNC"
    >
      Cart Summary
    </h1>
    <span
      className="sc-AxhCb gWooew"
    >
      0 products in your cart
    </span>
  </div>
  <div
    className="ant-list ant-list-split"
  >
    <div
      className="ant-spin-nested-loading"
    >
      <div
        className="ant-spin-container"
      >
        <div
          className="ant-list-empty-text"
        >
          <div
            className="ant-empty"
            style={
              Object {
                "fontSize": "7em",
              }
            }
          >
            <div
              className="ant-empty-image"
            >
              <span
                aria-label="shopping-cart"
                className="anticon anticon-shopping-cart"
                role="img"
              >
                <svg
                  aria-hidden="true"
                  className=""
                  data-icon="shopping-cart"
                  fill="currentColor"
                  focusable="false"
                  height="1em"
                  viewBox="0 0 1024 1024"
                  width="1em"
                >
                  <path
                    d="M922.9 701.9H327.4l29.9-60.9 496.8-.9c16.8 0 31.2-12 34.2-28.6l68.8-385.1c1.8-10.1-.9-20.5-7.5-28.4a34.99 34.99 0 00-26.6-12.5l-632-2.1-5.4-25.4c-3.4-16.2-18-28-34.6-28H96.5a35.3 35.3 0 100 70.6h125.9L246 312.8l58.1 281.3-74.8 122.1a34.96 34.96 0 00-3 36.8c6 11.9 18.1 19.4 31.5 19.4h62.8a102.43 102.43 0 00-20.6 61.7c0 56.6 46 102.6 102.6 102.6s102.6-46 102.6-102.6c0-22.3-7.4-44-20.6-61.7h161.1a102.43 102.43 0 00-20.6 61.7c0 56.6 46 102.6 102.6 102.6s102.6-46 102.6-102.6c0-22.3-7.4-44-20.6-61.7H923c19.4 0 35.3-15.8 35.3-35.3a35.42 35.42 0 00-35.4-35.2zM305.7 253l575.8 1.9-56.4 315.8-452.3.8L305.7 253zm96.9 612.7c-17.4 0-31.6-14.2-31.6-31.6 0-17.4 14.2-31.6 31.6-31.6s31.6 14.2 31.6 31.6a31.6 31.6 0 01-31.6 31.6zm325.1 0c-17.4 0-31.6-14.2-31.6-31.6 0-17.4 14.2-31.6 31.6-31.6s31.6 14.2 31.6 31.6a31.6 31.6 0 01-31.6 31.6z"
                  />
                </svg>
              </span>
            </div>
            <p
              className="ant-empty-description"
            >
              <span
                style={
                  Object {
                    "fontSize": "18px",
                  }
                }
              >
                Add items to your cart!
              </span>
            </p>
          </div>
        </div>
      </div>
    </div>
  </div>
  <span
    className="sc-AxheI fxScyK"
  >
    <span>
      Taxes
    </span>
    <span
      className="sc-AxjAm gkIcmJ"
    >
      $NaN
    </span>
  </span>
  <span
    className="sc-Axmtr RqTAG"
  >
    <span
      style={
        Object {
          "color": "black",
        }
      }
    >
      Cart Total
    </span>
    <span
      className="sc-AxirZ hCljwO"
    >
      $NaN
    </span>
  </span>
  <div
    className="sc-AxhUy fUUiqO"
  >
    <button
      className="ant-btn checkout-button ant-btn-primary ant-btn-lg"
      onClick={[Function]}
      type="button"
    >
      <span>
        Checkout
      </span>
    </button>
  </div>
</div>
`;
